Archive member included because of file (symbol)

c:/winavr-20100110/bin/../lib/gcc/avr/4.3.3/avr25\libgcc.a(_exit.o)
                              c:/winavr-20100110/bin/../lib/gcc/avr/4.3.3/../../../../avr/lib/avr25/crttn2313.o (exit)
c:/winavr-20100110/bin/../lib/gcc/avr/4.3.3/avr25\libgcc.a(_copy_data.o)
                              UnipolarStepperDriver.o (__do_copy_data)
c:/winavr-20100110/bin/../lib/gcc/avr/4.3.3/avr25\libgcc.a(_clear_bss.o)
                              UnipolarStepperDriver.o (__do_clear_bss)
c:/winavr-20100110/bin/../lib/gcc/avr/4.3.3/../../../../avr/lib/avr25\libc.a(eerd_byte_attiny2313.o)
                              UnipolarStepperDriver.o (__eerd_byte_tn2313)
c:/winavr-20100110/bin/../lib/gcc/avr/4.3.3/../../../../avr/lib/avr25\libc.a(eewr_byte_attiny2313.o)
                              UnipolarStepperDriver.o (__eewr_byte_tn2313)

Allocating common symbols
Common symbol       size              file

usi_i2c_slave_address
                    0x1               usi_i2c.o
USI_I2C_Slave_State
                    0x1               usi_i2c.o
serial_buffer       0x10              serial.o
USI_I2C_Master_State
                    0x1               usi_i2c.o
usi_i2c_mode        0x1               usi_i2c.o
usi_i2c_buffer      0x10              usi_i2c.o

Memory Configuration

Name             Origin             Length             Attributes
text             0x00000000         0x00002000         xr
data             0x00800060         0x0000ffa0         rw !x
eeprom           0x00810000         0x00010000         rw !x
fuse             0x00820000         0x00000400         rw !x
lock             0x00830000         0x00000400         rw !x
signature        0x00840000         0x00000400         rw !x
*default*        0x00000000         0xffffffff

Linker script and memory map

LOAD c:/winavr-20100110/bin/../lib/gcc/avr/4.3.3/../../../../avr/lib/avr25/crttn2313.o
LOAD UnipolarStepperDriver.o
LOAD serial.o
LOAD usi_i2c.o
LOAD c:/winavr-20100110/bin/../lib/gcc/avr/4.3.3/avr25\libgcc.a
LOAD c:/winavr-20100110/bin/../lib/gcc/avr/4.3.3/../../../../avr/lib/avr25\libc.a
LOAD c:/winavr-20100110/bin/../lib/gcc/avr/4.3.3/avr25\libgcc.a

.hash
 *(.hash)

.dynsym
 *(.dynsym)

.dynstr
 *(.dynstr)

.gnu.version
 *(.gnu.version)

.gnu.version_d
 *(.gnu.version_d)

.gnu.version_r
 *(.gnu.version_r)

.rel.init
 *(.rel.init)

.rela.init
 *(.rela.init)

.rel.text
 *(.rel.text)
 *(.rel.text.*)
 *(.rel.gnu.linkonce.t*)

.rela.text
 *(.rela.text)
 *(.rela.text.*)
 *(.rela.gnu.linkonce.t*)

.rel.fini
 *(.rel.fini)

.rela.fini
 *(.rela.fini)

.rel.rodata
 *(.rel.rodata)
 *(.rel.rodata.*)
 *(.rel.gnu.linkonce.r*)

.rela.rodata
 *(.rela.rodata)
 *(.rela.rodata.*)
 *(.rela.gnu.linkonce.r*)

.rel.data
 *(.rel.data)
 *(.rel.data.*)
 *(.rel.gnu.linkonce.d*)

.rela.data
 *(.rela.data)
 *(.rela.data.*)
 *(.rela.gnu.linkonce.d*)

.rel.ctors
 *(.rel.ctors)

.rela.ctors
 *(.rela.ctors)

.rel.dtors
 *(.rel.dtors)

.rela.dtors
 *(.rela.dtors)

.rel.got
 *(.rel.got)

.rela.got
 *(.rela.got)

.rel.bss
 *(.rel.bss)

.rela.bss
 *(.rela.bss)

.rel.plt
 *(.rel.plt)

.rela.plt
 *(.rela.plt)

.text           0x00000000      0x68a
 *(.vectors)
 .vectors       0x00000000       0x26 c:/winavr-20100110/bin/../lib/gcc/avr/4.3.3/../../../../avr/lib/avr25/crttn2313.o
                0x00000000                __vectors
                0x00000000                __vector_default
 *(.vectors)
 *(.progmem.gcc*)
 *(.progmem*)
                0x00000026                . = ALIGN (0x2)
                0x00000026                __trampolines_start = .
 *(.trampolines)
 .trampolines   0x00000026        0x0 linker stubs
 *(.trampolines*)
                0x00000026                __trampolines_end = .
 *(.jumptables)
 *(.jumptables*)
 *(.lowtext)
 *(.lowtext*)
                0x00000026                __ctors_start = .
 *(.ctors)
                0x00000026                __ctors_end = .
                0x00000026                __dtors_start = .
 *(.dtors)
                0x00000026                __dtors_end = .
 SORT(*)(.ctors)
 SORT(*)(.dtors)
 *(.init0)
 .init0         0x00000026        0x0 c:/winavr-20100110/bin/../lib/gcc/avr/4.3.3/../../../../avr/lib/avr25/crttn2313.o
                0x00000026                __init
 *(.init0)
 *(.init1)
 *(.init1)
 *(.init2)
 .init2         0x00000026        0x8 c:/winavr-20100110/bin/../lib/gcc/avr/4.3.3/../../../../avr/lib/avr25/crttn2313.o
 *(.init2)
 *(.init3)
 *(.init3)
 *(.init4)
 .init4         0x0000002e       0x16 c:/winavr-20100110/bin/../lib/gcc/avr/4.3.3/avr25\libgcc.a(_copy_data.o)
                0x0000002e                __do_copy_data
 .init4         0x00000044       0x10 c:/winavr-20100110/bin/../lib/gcc/avr/4.3.3/avr25\libgcc.a(_clear_bss.o)
                0x00000044                __do_clear_bss
 *(.init4)
 *(.init5)
 *(.init5)
 *(.init6)
 *(.init6)
 *(.init7)
 *(.init7)
 *(.init8)
 *(.init8)
 *(.init9)
 .init9         0x00000054        0x4 c:/winavr-20100110/bin/../lib/gcc/avr/4.3.3/../../../../avr/lib/avr25/crttn2313.o
 *(.init9)
 *(.text)
 .text          0x00000058        0x2 c:/winavr-20100110/bin/../lib/gcc/avr/4.3.3/../../../../avr/lib/avr25/crttn2313.o
                0x00000058                __vector_1
                0x00000058                __vector_12
                0x00000058                __bad_interrupt
                0x00000058                __vector_6
                0x00000058                __vector_3
                0x00000058                __vector_11
                0x00000058                __vector_17
                0x00000058                __vector_5
                0x00000058                __vector_9
                0x00000058                __vector_2
                0x00000058                __vector_8
                0x00000058                __vector_10
                0x00000058                __vector_18
 .text          0x0000005a      0x2f4 UnipolarStepperDriver.o
                0x0000005a                status_led_on
                0x0000007a                initialize_timer
                0x00000166                __vector_13
                0x0000022a                fill_i2c_buffer_from_serial
                0x0000005e                status_led_off
                0x00000316                main
                0x00000094                __vector_4
                0x000001a8                process_i2c_message
                0x0000025a                process_serial_message
                0x00000062                set_rgb_led
                0x00000146                __vector_14
 .text          0x0000034e      0x104 serial.o
                0x00000390                serial_available
                0x0000043e                serial_print
                0x00000410                serial_flush
                0x0000041e                serial_transmit_data
                0x00000416                serial_transmit_byte
                0x0000034e                __vector_7
                0x000003d0                serial_read_buffer
                0x00000396                serial_init
                0x000003a4                serial_read
 .text          0x00000452      0x208 usi_i2c.o
                0x00000478                USI_I2C_Master_Transfer
                0x00000452                USI_I2C_Init
                0x00000562                __vector_15
                0x000004a8                USI_I2C_Master_Transceiver_Start
                0x0000059c                __vector_16
 .text          0x0000065a        0x0 c:/winavr-20100110/bin/../lib/gcc/avr/4.3.3/avr25\libgcc.a(_exit.o)
 .text          0x0000065a        0x0 c:/winavr-20100110/bin/../lib/gcc/avr/4.3.3/avr25\libgcc.a(_copy_data.o)
 .text          0x0000065a        0x0 c:/winavr-20100110/bin/../lib/gcc/avr/4.3.3/avr25\libgcc.a(_clear_bss.o)
 .text          0x0000065a        0x0 c:/winavr-20100110/bin/../lib/gcc/avr/4.3.3/../../../../avr/lib/avr25\libc.a(eerd_byte_attiny2313.o)
 .text          0x0000065a        0x0 c:/winavr-20100110/bin/../lib/gcc/avr/4.3.3/../../../../avr/lib/avr25\libc.a(eewr_byte_attiny2313.o)
                0x0000065a                . = ALIGN (0x2)
 *(.text.*)
 .text.libgcc   0x0000065a        0x0 c:/winavr-20100110/bin/../lib/gcc/avr/4.3.3/avr25\libgcc.a(_exit.o)
 .text.libgcc   0x0000065a        0x0 c:/winavr-20100110/bin/../lib/gcc/avr/4.3.3/avr25\libgcc.a(_copy_data.o)
 .text.libgcc   0x0000065a        0x0 c:/winavr-20100110/bin/../lib/gcc/avr/4.3.3/avr25\libgcc.a(_clear_bss.o)
 .text.avr-libc
                0x0000065a       0x10 c:/winavr-20100110/bin/../lib/gcc/avr/4.3.3/../../../../avr/lib/avr25\libc.a(eerd_byte_attiny2313.o)
                0x0000065a                __eerd_byte_tn2313
 .text.avr-libc
                0x0000066a       0x1c c:/winavr-20100110/bin/../lib/gcc/avr/4.3.3/../../../../avr/lib/avr25\libc.a(eewr_byte_attiny2313.o)
                0x0000066a                __eewr_byte_tn2313
                0x0000066c                __eewr_r18_tn2313
                0x00000686                . = ALIGN (0x2)
 *(.fini9)
 .fini9         0x00000686        0x0 c:/winavr-20100110/bin/../lib/gcc/avr/4.3.3/avr25\libgcc.a(_exit.o)
                0x00000686                exit
                0x00000686                _exit
 *(.fini9)
 *(.fini8)
 *(.fini8)
 *(.fini7)
 *(.fini7)
 *(.fini6)
 *(.fini6)
 *(.fini5)
 *(.fini5)
 *(.fini4)
 *(.fini4)
 *(.fini3)
 *(.fini3)
 *(.fini2)
 *(.fini2)
 *(.fini1)
 *(.fini1)
 *(.fini0)
 .fini0         0x00000686        0x4 c:/winavr-20100110/bin/../lib/gcc/avr/4.3.3/avr25\libgcc.a(_exit.o)
 *(.fini0)
                0x0000068a                _etext = .

.data           0x00800060        0x6 load address 0x0000068a
                0x00800060                PROVIDE (__data_start, .)
 *(.data)
 .data          0x00800060        0x0 c:/winavr-20100110/bin/../lib/gcc/avr/4.3.3/../../../../avr/lib/avr25/crttn2313.o
 .data          0x00800060        0x5 UnipolarStepperDriver.o
                0x00800061                step_table
                0x00800060                step_dir
 .data          0x00800065        0x0 serial.o
 .data          0x00800065        0x0 usi_i2c.o
 .data          0x00800065        0x0 c:/winavr-20100110/bin/../lib/gcc/avr/4.3.3/avr25\libgcc.a(_exit.o)
 .data          0x00800065        0x0 c:/winavr-20100110/bin/../lib/gcc/avr/4.3.3/avr25\libgcc.a(_copy_data.o)
 .data          0x00800065        0x0 c:/winavr-20100110/bin/../lib/gcc/avr/4.3.3/avr25\libgcc.a(_clear_bss.o)
 .data          0x00800065        0x0 c:/winavr-20100110/bin/../lib/gcc/avr/4.3.3/../../../../avr/lib/avr25\libc.a(eerd_byte_attiny2313.o)
 .data          0x00800065        0x0 c:/winavr-20100110/bin/../lib/gcc/avr/4.3.3/../../../../avr/lib/avr25\libc.a(eewr_byte_attiny2313.o)
 *(.data*)
 *(.rodata)
 *(.rodata*)
 *(.gnu.linkonce.d*)
                0x00800066                . = ALIGN (0x2)
 *fill*         0x00800065        0x1 00
                0x00800066                _edata = .
                0x00800066                PROVIDE (__data_end, .)

.bss            0x00800066       0x2c
                0x00800066                PROVIDE (__bss_start, .)
 *(.bss)
 .bss           0x00800066        0x0 c:/winavr-20100110/bin/../lib/gcc/avr/4.3.3/../../../../avr/lib/avr25/crttn2313.o
 .bss           0x00800066        0x6 UnipolarStepperDriver.o
                0x0080006a                step_count
                0x00800067                step_enabled
                0x00800066                step_state
                0x00800068                step_speed
 .bss           0x0080006c        0x1 serial.o
                0x0080006c                serial_buffer_pos
 .bss           0x0080006d        0x1 usi_i2c.o
                0x0080006d                usi_i2c_buffer_pos
 .bss           0x0080006e        0x0 c:/winavr-20100110/bin/../lib/gcc/avr/4.3.3/avr25\libgcc.a(_exit.o)
 .bss           0x0080006e        0x0 c:/winavr-20100110/bin/../lib/gcc/avr/4.3.3/avr25\libgcc.a(_copy_data.o)
 .bss           0x0080006e        0x0 c:/winavr-20100110/bin/../lib/gcc/avr/4.3.3/avr25\libgcc.a(_clear_bss.o)
 .bss           0x0080006e        0x0 c:/winavr-20100110/bin/../lib/gcc/avr/4.3.3/../../../../avr/lib/avr25\libc.a(eerd_byte_attiny2313.o)
 .bss           0x0080006e        0x0 c:/winavr-20100110/bin/../lib/gcc/avr/4.3.3/../../../../avr/lib/avr25\libc.a(eewr_byte_attiny2313.o)
 *(.bss*)
 *(COMMON)
 COMMON         0x0080006e       0x10 serial.o
                0x0080006e                serial_buffer
 COMMON         0x0080007e       0x14 usi_i2c.o
                0x0080007e                usi_i2c_slave_address
                0x0080007f                USI_I2C_Slave_State
                0x00800080                USI_I2C_Master_State
                0x00800081                usi_i2c_mode
                0x00800082                usi_i2c_buffer
                0x00800092                PROVIDE (__bss_end, .)
                0x0000068a                __data_load_start = LOADADDR (.data)
                0x00000690                __data_load_end = (__data_load_start + SIZEOF (.data))

.noinit         0x00800092        0x0
                0x00800092                PROVIDE (__noinit_start, .)
 *(.noinit*)
                0x00800092                PROVIDE (__noinit_end, .)
                0x00800092                _end = .
                0x00800092                PROVIDE (__heap_start, .)

.eeprom         0x00810000        0x0
 *(.eeprom*)
                0x00810000                __eeprom_end = .

.fuse
 *(.fuse)
 *(.lfuse)
 *(.hfuse)
 *(.efuse)

.lock
 *(.lock*)

.signature
 *(.signature*)

.stab
 *(.stab)

.stabstr
 *(.stabstr)

.stab.excl
 *(.stab.excl)

.stab.exclstr
 *(.stab.exclstr)

.stab.index
 *(.stab.index)

.stab.indexstr
 *(.stab.indexstr)

.comment
 *(.comment)

.debug
 *(.debug)

.line
 *(.line)

.debug_srcinfo
 *(.debug_srcinfo)

.debug_sfnames
 *(.debug_sfnames)

.debug_aranges  0x00000000       0x60
 *(.debug_aranges)
 .debug_aranges
                0x00000000       0x20 UnipolarStepperDriver.o
 .debug_aranges
                0x00000020       0x20 serial.o
 .debug_aranges
                0x00000040       0x20 usi_i2c.o

.debug_pubnames
                0x00000000      0x334
 *(.debug_pubnames)
 .debug_pubnames
                0x00000000      0x141 UnipolarStepperDriver.o
 .debug_pubnames
                0x00000141       0xe9 serial.o
 .debug_pubnames
                0x0000022a      0x10a usi_i2c.o

.debug_info     0x00000000      0xa0e
 *(.debug_info)
 .debug_info    0x00000000      0x309 UnipolarStepperDriver.o
 .debug_info    0x00000309      0x27e serial.o
 .debug_info    0x00000587      0x487 usi_i2c.o
 *(.gnu.linkonce.wi.*)

.debug_abbrev   0x00000000      0x4e5
 *(.debug_abbrev)
 .debug_abbrev  0x00000000      0x184 UnipolarStepperDriver.o
 .debug_abbrev  0x00000184      0x1aa serial.o
 .debug_abbrev  0x0000032e      0x1b7 usi_i2c.o

.debug_line     0x00000000      0x8ee
 *(.debug_line)
 .debug_line    0x00000000      0x326 UnipolarStepperDriver.o
 .debug_line    0x00000326      0x1cf serial.o
 .debug_line    0x000004f5      0x3f9 usi_i2c.o

.debug_frame    0x00000000      0x1c0
 *(.debug_frame)
 .debug_frame   0x00000000       0xc0 UnipolarStepperDriver.o
 .debug_frame   0x000000c0       0xa0 serial.o
 .debug_frame   0x00000160       0x60 usi_i2c.o

.debug_str      0x00000000      0x496
 *(.debug_str)
 .debug_str     0x00000000      0x1c8 UnipolarStepperDriver.o
                                0x208 (size before relaxing)
 .debug_str     0x000001c8       0xc7 serial.o
                                0x18a (size before relaxing)
 .debug_str     0x0000028f      0x207 usi_i2c.o
                                0x305 (size before relaxing)

.debug_loc      0x00000000      0x2e7
 *(.debug_loc)
 .debug_loc     0x00000000       0xe1 UnipolarStepperDriver.o
 .debug_loc     0x000000e1       0xc6 serial.o
 .debug_loc     0x000001a7      0x140 usi_i2c.o

.debug_macinfo
 *(.debug_macinfo)
OUTPUT(UnipolarStepperDriver.elf elf32-avr)
LOAD linker stubs

.debug_ranges   0x00000000       0x90
 .debug_ranges  0x00000000       0x90 usi_i2c.o
