Archive member included because of file (symbol)

c:/winavr-20100110/bin/../lib/gcc/avr/4.3.3/avr25\libgcc.a(_exit.o)
                              c:/winavr-20100110/bin/../lib/gcc/avr/4.3.3/../../../../avr/lib/avr25/crttn2313.o (exit)
c:/winavr-20100110/bin/../lib/gcc/avr/4.3.3/avr25\libgcc.a(_copy_data.o)
                              UnipolarStepperDriver.o (__do_copy_data)
c:/winavr-20100110/bin/../lib/gcc/avr/4.3.3/avr25\libgcc.a(_clear_bss.o)
                              UnipolarStepperDriver.o (__do_clear_bss)
c:/winavr-20100110/bin/../lib/gcc/avr/4.3.3/../../../../avr/lib/avr25\libc.a(eerd_byte_attiny2313.o)
                              UnipolarStepperDriver.o (__eerd_byte_tn2313)
c:/winavr-20100110/bin/../lib/gcc/avr/4.3.3/../../../../avr/lib/avr25\libc.a(eewr_byte_attiny2313.o)
                              UnipolarStepperDriver.o (__eewr_byte_tn2313)

Allocating common symbols
Common symbol       size              file

step_mode           0x1               UnipolarStepperDriver.o
serial_i2c_buffer   0x8               UnipolarStepperDriver.o
step_enabled        0x1               UnipolarStepperDriver.o
usi_i2c_slave_address
                    0x1               usi_i2c_slave.o
usi_i2c_slave_internal_address
                    0x1               usi_i2c_slave.o
step_max            0x1               UnipolarStepperDriver.o
USI_I2C_Slave_State
                    0x1               usi_i2c_slave.o
serial_buffer       0x10              serial.o
USI_Slave_register_buffer
                    0x10              usi_i2c_slave.o
step_state          0x1               UnipolarStepperDriver.o
serial_i2c_buffer_pos
                    0x1               UnipolarStepperDriver.o
step_dir            0x1               UnipolarStepperDriver.o
USI_I2C_Master_State
                    0x1               usi_i2c_master.o
usi_i2c_mode        0x1               usi_i2c_slave.o
step_current        0x1               UnipolarStepperDriver.o

Memory Configuration

Name             Origin             Length             Attributes
text             0x00000000         0x00002000         xr
data             0x00800060         0x0000ffa0         rw !x
eeprom           0x00810000         0x00010000         rw !x
fuse             0x00820000         0x00000400         rw !x
lock             0x00830000         0x00000400         rw !x
signature        0x00840000         0x00000400         rw !x
*default*        0x00000000         0xffffffff

Linker script and memory map

LOAD c:/winavr-20100110/bin/../lib/gcc/avr/4.3.3/../../../../avr/lib/avr25/crttn2313.o
LOAD UnipolarStepperDriver.o
LOAD serial.o
LOAD usi_i2c_slave.o
LOAD usi_i2c_master.o
LOAD c:/winavr-20100110/bin/../lib/gcc/avr/4.3.3/avr25\libgcc.a
LOAD c:/winavr-20100110/bin/../lib/gcc/avr/4.3.3/../../../../avr/lib/avr25\libc.a
LOAD c:/winavr-20100110/bin/../lib/gcc/avr/4.3.3/avr25\libgcc.a

.hash
 *(.hash)

.dynsym
 *(.dynsym)

.dynstr
 *(.dynstr)

.gnu.version
 *(.gnu.version)

.gnu.version_d
 *(.gnu.version_d)

.gnu.version_r
 *(.gnu.version_r)

.rel.init
 *(.rel.init)

.rela.init
 *(.rela.init)

.rel.text
 *(.rel.text)
 *(.rel.text.*)
 *(.rel.gnu.linkonce.t*)

.rela.text
 *(.rela.text)
 *(.rela.text.*)
 *(.rela.gnu.linkonce.t*)

.rel.fini
 *(.rel.fini)

.rela.fini
 *(.rela.fini)

.rel.rodata
 *(.rel.rodata)
 *(.rel.rodata.*)
 *(.rel.gnu.linkonce.r*)

.rela.rodata
 *(.rela.rodata)
 *(.rela.rodata.*)
 *(.rela.gnu.linkonce.r*)

.rel.data
 *(.rel.data)
 *(.rel.data.*)
 *(.rel.gnu.linkonce.d*)

.rela.data
 *(.rela.data)
 *(.rela.data.*)
 *(.rela.gnu.linkonce.d*)

.rel.ctors
 *(.rel.ctors)

.rela.ctors
 *(.rela.ctors)

.rel.dtors
 *(.rel.dtors)

.rela.dtors
 *(.rela.dtors)

.rel.got
 *(.rel.got)

.rela.got
 *(.rela.got)

.rel.bss
 *(.rel.bss)

.rela.bss
 *(.rela.bss)

.rel.plt
 *(.rel.plt)

.rela.plt
 *(.rela.plt)

.text           0x00000000      0x712
 *(.vectors)
 .vectors       0x00000000       0x26 c:/winavr-20100110/bin/../lib/gcc/avr/4.3.3/../../../../avr/lib/avr25/crttn2313.o
                0x00000000                __vectors
                0x00000000                __vector_default
 *(.vectors)
 *(.progmem.gcc*)
 *(.progmem*)
                0x00000026                . = ALIGN (0x2)
                0x00000026                __trampolines_start = .
 *(.trampolines)
 .trampolines   0x00000026        0x0 linker stubs
 *(.trampolines*)
                0x00000026                __trampolines_end = .
 *(.jumptables)
 *(.jumptables*)
 *(.lowtext)
 *(.lowtext*)
                0x00000026                __ctors_start = .
 *(.ctors)
                0x00000026                __ctors_end = .
                0x00000026                __dtors_start = .
 *(.dtors)
                0x00000026                __dtors_end = .
 SORT(*)(.ctors)
 SORT(*)(.dtors)
 *(.init0)
 .init0         0x00000026        0x0 c:/winavr-20100110/bin/../lib/gcc/avr/4.3.3/../../../../avr/lib/avr25/crttn2313.o
                0x00000026                __init
 *(.init0)
 *(.init1)
 *(.init1)
 *(.init2)
 .init2         0x00000026        0x8 c:/winavr-20100110/bin/../lib/gcc/avr/4.3.3/../../../../avr/lib/avr25/crttn2313.o
 *(.init2)
 *(.init3)
 *(.init3)
 *(.init4)
 .init4         0x0000002e       0x16 c:/winavr-20100110/bin/../lib/gcc/avr/4.3.3/avr25\libgcc.a(_copy_data.o)
                0x0000002e                __do_copy_data
 .init4         0x00000044       0x10 c:/winavr-20100110/bin/../lib/gcc/avr/4.3.3/avr25\libgcc.a(_clear_bss.o)
                0x00000044                __do_clear_bss
 *(.init4)
 *(.init5)
 *(.init5)
 *(.init6)
 *(.init6)
 *(.init7)
 *(.init7)
 *(.init8)
 *(.init8)
 *(.init9)
 .init9         0x00000054        0x4 c:/winavr-20100110/bin/../lib/gcc/avr/4.3.3/../../../../avr/lib/avr25/crttn2313.o
 *(.init9)
 *(.text)
 .text          0x00000058        0x2 c:/winavr-20100110/bin/../lib/gcc/avr/4.3.3/../../../../avr/lib/avr25/crttn2313.o
                0x00000058                __vector_1
                0x00000058                __vector_12
                0x00000058                __bad_interrupt
                0x00000058                __vector_6
                0x00000058                __vector_3
                0x00000058                __vector_11
                0x00000058                __vector_17
                0x00000058                __vector_5
                0x00000058                __vector_9
                0x00000058                __vector_2
                0x00000058                __vector_8
                0x00000058                __vector_10
                0x00000058                __vector_18
 .text          0x0000005a      0x334 UnipolarStepperDriver.o
                0x00000072                initialize_timer
                0x000001d6                __vector_13
                0x00000204                fill_i2c_buffer_from_serial
                0x00000234                main
                0x000000ae                __vector_4
                0x0000005a                set_rgb_led
                0x000001b6                __vector_14
 .text          0x0000038e      0x104 serial.o
                0x000003d0                serial_available
                0x0000047e                serial_print
                0x00000450                serial_flush
                0x0000045e                serial_transmit_data
                0x00000456                serial_transmit_byte
                0x0000038e                __vector_7
                0x00000410                serial_read_buffer
                0x000003d6                serial_init
                0x000003e4                serial_read
 .text          0x00000492      0x15a usi_i2c_slave.o
                0x00000492                USI_I2C_Init
                0x000004aa                __vector_15
                0x000004e0                __vector_16
 .text          0x000005ec       0xf6 usi_i2c_master.o
                0x00000616                USI_I2C_Master_Start_Transmission
                0x000005ec                USI_I2C_Master_Transfer
 .text          0x000006e2        0x0 c:/winavr-20100110/bin/../lib/gcc/avr/4.3.3/avr25\libgcc.a(_exit.o)
 .text          0x000006e2        0x0 c:/winavr-20100110/bin/../lib/gcc/avr/4.3.3/avr25\libgcc.a(_copy_data.o)
 .text          0x000006e2        0x0 c:/winavr-20100110/bin/../lib/gcc/avr/4.3.3/avr25\libgcc.a(_clear_bss.o)
 .text          0x000006e2        0x0 c:/winavr-20100110/bin/../lib/gcc/avr/4.3.3/../../../../avr/lib/avr25\libc.a(eerd_byte_attiny2313.o)
 .text          0x000006e2        0x0 c:/winavr-20100110/bin/../lib/gcc/avr/4.3.3/../../../../avr/lib/avr25\libc.a(eewr_byte_attiny2313.o)
                0x000006e2                . = ALIGN (0x2)
 *(.text.*)
 .text.libgcc   0x000006e2        0x0 c:/winavr-20100110/bin/../lib/gcc/avr/4.3.3/avr25\libgcc.a(_exit.o)
 .text.libgcc   0x000006e2        0x0 c:/winavr-20100110/bin/../lib/gcc/avr/4.3.3/avr25\libgcc.a(_copy_data.o)
 .text.libgcc   0x000006e2        0x0 c:/winavr-20100110/bin/../lib/gcc/avr/4.3.3/avr25\libgcc.a(_clear_bss.o)
 .text.avr-libc
                0x000006e2       0x10 c:/winavr-20100110/bin/../lib/gcc/avr/4.3.3/../../../../avr/lib/avr25\libc.a(eerd_byte_attiny2313.o)
                0x000006e2                __eerd_byte_tn2313
 .text.avr-libc
                0x000006f2       0x1c c:/winavr-20100110/bin/../lib/gcc/avr/4.3.3/../../../../avr/lib/avr25\libc.a(eewr_byte_attiny2313.o)
                0x000006f2                __eewr_byte_tn2313
                0x000006f4                __eewr_r18_tn2313
                0x0000070e                . = ALIGN (0x2)
 *(.fini9)
 .fini9         0x0000070e        0x0 c:/winavr-20100110/bin/../lib/gcc/avr/4.3.3/avr25\libgcc.a(_exit.o)
                0x0000070e                exit
                0x0000070e                _exit
 *(.fini9)
 *(.fini8)
 *(.fini8)
 *(.fini7)
 *(.fini7)
 *(.fini6)
 *(.fini6)
 *(.fini5)
 *(.fini5)
 *(.fini4)
 *(.fini4)
 *(.fini3)
 *(.fini3)
 *(.fini2)
 *(.fini2)
 *(.fini1)
 *(.fini1)
 *(.fini0)
 .fini0         0x0000070e        0x4 c:/winavr-20100110/bin/../lib/gcc/avr/4.3.3/avr25\libgcc.a(_exit.o)
 *(.fini0)
                0x00000712                _etext = .

.data           0x00800060       0x10 load address 0x00000712
                0x00800060                PROVIDE (__data_start, .)
 *(.data)
 .data          0x00800060        0x0 c:/winavr-20100110/bin/../lib/gcc/avr/4.3.3/../../../../avr/lib/avr25/crttn2313.o
 .data          0x00800060       0x10 UnipolarStepperDriver.o
                0x00800060                step_table
 .data          0x00800070        0x0 serial.o
 .data          0x00800070        0x0 usi_i2c_slave.o
 .data          0x00800070        0x0 usi_i2c_master.o
 .data          0x00800070        0x0 c:/winavr-20100110/bin/../lib/gcc/avr/4.3.3/avr25\libgcc.a(_exit.o)
 .data          0x00800070        0x0 c:/winavr-20100110/bin/../lib/gcc/avr/4.3.3/avr25\libgcc.a(_copy_data.o)
 .data          0x00800070        0x0 c:/winavr-20100110/bin/../lib/gcc/avr/4.3.3/avr25\libgcc.a(_clear_bss.o)
 .data          0x00800070        0x0 c:/winavr-20100110/bin/../lib/gcc/avr/4.3.3/../../../../avr/lib/avr25\libc.a(eerd_byte_attiny2313.o)
 .data          0x00800070        0x0 c:/winavr-20100110/bin/../lib/gcc/avr/4.3.3/../../../../avr/lib/avr25\libc.a(eewr_byte_attiny2313.o)
 *(.data*)
 *(.rodata)
 *(.rodata*)
 *(.gnu.linkonce.d*)
                0x00800070                . = ALIGN (0x2)
                0x00800070                _edata = .
                0x00800070                PROVIDE (__data_end, .)

.bss            0x00800070       0x3b
                0x00800070                PROVIDE (__bss_start, .)
 *(.bss)
 .bss           0x00800070        0x0 c:/winavr-20100110/bin/../lib/gcc/avr/4.3.3/../../../../avr/lib/avr25/crttn2313.o
 .bss           0x00800070        0x4 UnipolarStepperDriver.o
                0x00800070                step_count
                0x00800072                step_compare
 .bss           0x00800074        0x1 serial.o
                0x00800074                serial_buffer_pos
 .bss           0x00800075        0x2 usi_i2c_slave.o
                0x00800075                USI_Slave_internal_address
                0x00800076                USI_Slave_internal_address_set
 .bss           0x00800077        0x0 usi_i2c_master.o
 .bss           0x00800077        0x0 c:/winavr-20100110/bin/../lib/gcc/avr/4.3.3/avr25\libgcc.a(_exit.o)
 .bss           0x00800077        0x0 c:/winavr-20100110/bin/../lib/gcc/avr/4.3.3/avr25\libgcc.a(_copy_data.o)
 .bss           0x00800077        0x0 c:/winavr-20100110/bin/../lib/gcc/avr/4.3.3/avr25\libgcc.a(_clear_bss.o)
 .bss           0x00800077        0x0 c:/winavr-20100110/bin/../lib/gcc/avr/4.3.3/../../../../avr/lib/avr25\libc.a(eerd_byte_attiny2313.o)
 .bss           0x00800077        0x0 c:/winavr-20100110/bin/../lib/gcc/avr/4.3.3/../../../../avr/lib/avr25\libc.a(eewr_byte_attiny2313.o)
 *(.bss*)
 *(COMMON)
 COMMON         0x00800077        0xf UnipolarStepperDriver.o
                0x00800077                step_mode
                0x00800078                serial_i2c_buffer
                0x00800080                step_enabled
                0x00800081                step_max
                0x00800082                step_state
                0x00800083                serial_i2c_buffer_pos
                0x00800084                step_dir
                0x00800085                step_current
 COMMON         0x00800086       0x10 serial.o
                0x00800086                serial_buffer
 COMMON         0x00800096       0x14 usi_i2c_slave.o
                0x00800096                usi_i2c_slave_address
                0x00800097                usi_i2c_slave_internal_address
                0x00800098                USI_I2C_Slave_State
                0x00800099                USI_Slave_register_buffer
                0x008000a9                usi_i2c_mode
 COMMON         0x008000aa        0x1 usi_i2c_master.o
                0x008000aa                USI_I2C_Master_State
                0x008000ab                PROVIDE (__bss_end, .)
                0x00000712                __data_load_start = LOADADDR (.data)
                0x00000722                __data_load_end = (__data_load_start + SIZEOF (.data))

.noinit         0x008000ab        0x0
                0x008000ab                PROVIDE (__noinit_start, .)
 *(.noinit*)
                0x008000ab                PROVIDE (__noinit_end, .)
                0x008000ab                _end = .
                0x008000ab                PROVIDE (__heap_start, .)

.eeprom         0x00810000        0x0
 *(.eeprom*)
                0x00810000                __eeprom_end = .

.fuse
 *(.fuse)
 *(.lfuse)
 *(.hfuse)
 *(.efuse)

.lock
 *(.lock*)

.signature
 *(.signature*)

.stab
 *(.stab)

.stabstr
 *(.stabstr)

.stab.excl
 *(.stab.excl)

.stab.exclstr
 *(.stab.exclstr)

.stab.index
 *(.stab.index)

.stab.indexstr
 *(.stab.indexstr)

.comment
 *(.comment)

.debug
 *(.debug)

.line
 *(.line)

.debug_srcinfo
 *(.debug_srcinfo)

.debug_sfnames
 *(.debug_sfnames)

.debug_aranges  0x00000000       0x80
 *(.debug_aranges)
 .debug_aranges
                0x00000000       0x20 UnipolarStepperDriver.o
 .debug_aranges
                0x00000020       0x20 serial.o
 .debug_aranges
                0x00000040       0x20 usi_i2c_slave.o
 .debug_aranges
                0x00000060       0x20 usi_i2c_master.o

.debug_pubnames
                0x00000000      0x3a6
 *(.debug_pubnames)
 .debug_pubnames
                0x00000000      0x147 UnipolarStepperDriver.o
 .debug_pubnames
                0x00000147       0xe9 serial.o
 .debug_pubnames
                0x00000230      0x109 usi_i2c_slave.o
 .debug_pubnames
                0x00000339       0x6d usi_i2c_master.o

.debug_info     0x00000000      0xa81
 *(.debug_info)
 .debug_info    0x00000000      0x32a UnipolarStepperDriver.o
 .debug_info    0x0000032a      0x27e serial.o
 .debug_info    0x000005a8      0x179 usi_i2c_slave.o
 .debug_info    0x00000721      0x360 usi_i2c_master.o
 *(.gnu.linkonce.wi.*)

.debug_abbrev   0x00000000      0x540
 *(.debug_abbrev)
 .debug_abbrev  0x00000000      0x1a9 UnipolarStepperDriver.o
 .debug_abbrev  0x000001a9      0x1aa serial.o
 .debug_abbrev  0x00000353       0xb0 usi_i2c_slave.o
 .debug_abbrev  0x00000403      0x13d usi_i2c_master.o

.debug_line     0x00000000      0xa08
 *(.debug_line)
 .debug_line    0x00000000      0x36f UnipolarStepperDriver.o
 .debug_line    0x0000036f      0x1cf serial.o
 .debug_line    0x0000053e      0x1dc usi_i2c_slave.o
 .debug_line    0x0000071a      0x2ee usi_i2c_master.o

.debug_frame    0x00000000      0x190
 *(.debug_frame)
 .debug_frame   0x00000000       0x80 UnipolarStepperDriver.o
 .debug_frame   0x00000080       0xa0 serial.o
 .debug_frame   0x00000120       0x40 usi_i2c_slave.o
 .debug_frame   0x00000160       0x30 usi_i2c_master.o

.debug_str      0x00000000      0x530
 *(.debug_str)
 .debug_str     0x00000000      0x207 UnipolarStepperDriver.o
                                0x247 (size before relaxing)
 .debug_str     0x00000207       0xc7 serial.o
                                0x19b (size before relaxing)
 .debug_str     0x000002ce      0x14f usi_i2c_slave.o
                                0x256 (size before relaxing)
 .debug_str     0x0000041d      0x113 usi_i2c_master.o
                                0x1e2 (size before relaxing)

.debug_loc      0x00000000      0x2cc
 *(.debug_loc)
 .debug_loc     0x00000000       0xe1 UnipolarStepperDriver.o
 .debug_loc     0x000000e1       0xc6 serial.o
 .debug_loc     0x000001a7       0x13 usi_i2c_slave.o
 .debug_loc     0x000001ba      0x112 usi_i2c_master.o

.debug_macinfo
 *(.debug_macinfo)
OUTPUT(UnipolarStepperDriver.elf elf32-avr)
LOAD linker stubs

.debug_ranges   0x00000000       0xc8
 .debug_ranges  0x00000000       0x38 UnipolarStepperDriver.o
 .debug_ranges  0x00000038       0x90 usi_i2c_master.o
